	.file	"05_base64flag.cpp"
	.text
	.section	.rodata
	.type	_ZStL19piecewise_construct, @object
	.size	_ZStL19piecewise_construct, 1
_ZStL19piecewise_construct:
	.zero	1
	.local	_ZStL8__ioinit
	.comm	_ZStL8__ioinit,1,1
	.align 8
.LC0:
	.string	"RkxBR3t0aDFzX2lzX0ZpcnM3X2ZsNGd9"
.LC1:
	.string	"Can you find Flag ??"
	.text
	.globl	main
	.type	main, @function
main:
.LFB1518:
	.cfi_startproc
	.cfi_personality 0x9b,DW.ref.__gxx_personality_v0
	.cfi_lsda 0x1b,.LLSDA1518
	pushq	%rbp
	.cfi_def_cfa_offset 16
	.cfi_offset 6, -16
	movq	%rsp, %rbp
	.cfi_def_cfa_register 6
	pushq	%rbx
	subq	$56, %rsp
	.cfi_offset 3, -24
	leaq	-17(%rbp), %rax
	movq	%rax, %rdi
	call	_ZNSaIcEC1Ev@PLT
	leaq	-17(%rbp), %rdx
	leaq	-64(%rbp), %rax
	leaq	.LC0(%rip), %rsi
	movq	%rax, %rdi
.LEHB0:
	call	_ZNSt7__cxx1112basic_stringIcSt11char_traitsIcESaIcEEC1EPKcRKS3_@PLT
.LEHE0:
	leaq	-17(%rbp), %rax
	movq	%rax, %rdi
	call	_ZNSaIcED1Ev@PLT
	leaq	.LC1(%rip), %rsi
	leaq	_ZSt4cout(%rip), %rdi
.LEHB1:
	call	_ZStlsISt11char_traitsIcEERSt13basic_ostreamIcT_ES5_PKc@PLT
	movq	%rax, %rdx
	movq	_ZSt4endlIcSt11char_traitsIcEERSt13basic_ostreamIT_T0_ES6_@GOTPCREL(%rip), %rax
	movq	%rax, %rsi
	movq	%rdx, %rdi
	call	_ZNSolsEPFRSoS_E@PLT
.LEHE1:
	movl	$0, %ebx
	leaq	-64(%rbp), %rax
	movq	%rax, %rdi
	call	_ZNSt7__cxx1112basic_stringIcSt11char_traitsIcESaIcEED1Ev@PLT
	movl	%ebx, %eax
	jmp	.L7
.L5:
	movq	%rax, %rbx
	leaq	-17(%rbp), %rax
	movq	%rax, %rdi
	call	_ZNSaIcED1Ev@PLT
	movq	%rbx, %rax
	movq	%rax, %rdi
.LEHB2:
	call	_Unwind_Resume@PLT
.L6:
	movq	%rax, %rbx
	leaq	-64(%rbp), %rax
	movq	%rax, %rdi
	call	_ZNSt7__cxx1112basic_stringIcSt11char_traitsIcESaIcEED1Ev@PLT
	movq	%rbx, %rax
	movq	%rax, %rdi
	call	_Unwind_Resume@PLT
.LEHE2:
.L7:
	addq	$56, %rsp
	popq	%rbx
	popq	%rbp
	.cfi_def_cfa 7, 8
	ret
	.cfi_endproc
.LFE1518:
	.globl	__gxx_personality_v0
	.section	.gcc_except_table,"a",@progbits
.LLSDA1518:
	.byte	0xff
	.byte	0xff
	.byte	0x1
	.uleb128 .LLSDACSE1518-.LLSDACSB1518
.LLSDACSB1518:
	.uleb128 .LEHB0-.LFB1518
	.uleb128 .LEHE0-.LEHB0
	.uleb128 .L5-.LFB1518
	.uleb128 0
	.uleb128 .LEHB1-.LFB1518
	.uleb128 .LEHE1-.LEHB1
	.uleb128 .L6-.LFB1518
	.uleb128 0
	.uleb128 .LEHB2-.LFB1518
	.uleb128 .LEHE2-.LEHB2
	.uleb128 0
	.uleb128 0
.LLSDACSE1518:
	.text
	.size	main, .-main
	.type	_Z41__static_initialization_and_destruction_0ii, @function
_Z41__static_initialization_and_destruction_0ii:
.LFB2010:
	.cfi_startproc
	pushq	%rbp
	.cfi_def_cfa_offset 16
	.cfi_offset 6, -16
	movq	%rsp, %rbp
	.cfi_def_cfa_register 6
	subq	$16, %rsp
	movl	%edi, -4(%rbp)
	movl	%esi, -8(%rbp)
	cmpl	$1, -4(%rbp)
	jne	.L10
	cmpl	$65535, -8(%rbp)
	jne	.L10
	leaq	_ZStL8__ioinit(%rip), %rdi
	call	_ZNSt8ios_base4InitC1Ev@PLT
	leaq	__dso_handle(%rip), %rdx
	leaq	_ZStL8__ioinit(%rip), %rsi
	movq	_ZNSt8ios_base4InitD1Ev@GOTPCREL(%rip), %rax
	movq	%rax, %rdi
	call	__cxa_atexit@PLT
.L10:
	nop
	leave
	.cfi_def_cfa 7, 8
	ret
	.cfi_endproc
.LFE2010:
	.size	_Z41__static_initialization_and_destruction_0ii, .-_Z41__static_initialization_and_destruction_0ii
	.type	_GLOBAL__sub_I_main, @function
_GLOBAL__sub_I_main:
.LFB2011:
	.cfi_startproc
	pushq	%rbp
	.cfi_def_cfa_offset 16
	.cfi_offset 6, -16
	movq	%rsp, %rbp
	.cfi_def_cfa_register 6
	movl	$65535, %esi
	movl	$1, %edi
	call	_Z41__static_initialization_and_destruction_0ii
	popq	%rbp
	.cfi_def_cfa 7, 8
	ret
	.cfi_endproc
.LFE2011:
	.size	_GLOBAL__sub_I_main, .-_GLOBAL__sub_I_main
	.section	.init_array,"aw"
	.align 8
	.quad	_GLOBAL__sub_I_main
	.hidden	DW.ref.__gxx_personality_v0
	.weak	DW.ref.__gxx_personality_v0
	.section	.data.rel.local.DW.ref.__gxx_personality_v0,"awG",@progbits,DW.ref.__gxx_personality_v0,comdat
	.align 8
	.type	DW.ref.__gxx_personality_v0, @object
	.size	DW.ref.__gxx_personality_v0, 8
DW.ref.__gxx_personality_v0:
	.quad	__gxx_personality_v0
	.hidden	__dso_handle
	.ident	"GCC: (Debian 8.3.0-6) 8.3.0"
	.section	.note.GNU-stack,"",@progbits
